
/home/runner/work/exp-synthetic-biology-techniques-iitkgp/exp-synthetic-biology-techniques-iitkgp/experiment/simulation/js/main.js
    1:10  warning  'restartexp' is defined but never used            no-unused-vars
    5:10  warning  'showselectedplant' is defined but never used     no-unused-vars
   13:10  warning  'showexpmotive' is defined but never used         no-unused-vars
   23:10  warning  'selecthetrelogousexp' is defined but never used  no-unused-vars
   30:5   warning  '$' is not defined                                no-undef
   31:5   warning  '$' is not defined                                no-undef
   36:10  warning  'selectexpgene' is defined but never used         no-unused-vars
   46:10  warning  'selectligatetarget' is defined but never used    no-unused-vars
   52:6   warning  '$' is not defined                                no-undef
   53:5   warning  '$' is not defined                                no-undef
   58:10  warning  'generun' is defined but never used               no-unused-vars
   68:10  warning  'newplant' is defined but never used              no-unused-vars
   77:10  warning  'btn8click' is defined but never used             no-unused-vars
   85:10  warning  'btn9click' is defined but never used             no-unused-vars
   94:10  warning  'btn10click' is defined but never used            no-unused-vars
  103:10  warning  'btn11click' is defined but never used            no-unused-vars
  112:10  warning  'btn12click' is defined but never used            no-unused-vars
  122:10  warning  'hidenotemsg' is defined but never used           no-unused-vars

✖ 18 problems (0 errors, 18 warnings)

